{
    "Should run without failures": {
        "content": [
            {
                "0": [
                    [
                        {
                            "id": "small_set"
                        },
                        "segmentation_specification.json:md5,bfb1b557010873575801c4b347fb0863"
                    ]
                ],
                "1": [
                    "versions.yml:md5,da001a9b9e4e5a439bea2fe6ed119ec8"
                ],
                "specification_json": [
                    [
                        {
                            "id": "small_set"
                        },
                        "segmentation_specification.json:md5,bfb1b557010873575801c4b347fb0863"
                    ]
                ],
                "versions": [
                    "versions.yml:md5,da001a9b9e4e5a439bea2fe6ed119ec8"
                ]
            }
        ],
        "meta": {
            "nf-test": "0.9.0",
            "nextflow": "24.04.1"
        },
        "timestamp": "2024-07-25T09:42:52.108519302"
    }
}