{
    "Should run without failures": {
        "content": [
            {
                "0": [
                    [
                        {
                            "id": "small_set"
                        },
                        "segmentation_specification.json:md5,1174f918af08958776582fedb42e3505"
                    ]
                ],
                "1": [
                    [
                        "manifest.json:md5,a70a47319151f7dda86d8bf09653ee73",
                        "micron_to_mosaic_pixel_transform.csv:md5,5f25f33f46e9eecad86ab86a1924fef5",
                        "mosaic_Cellbound1_z0.tif:md5,fcb40575288c697e6bfbc006baad1f6f",
                        "mosaic_Cellbound1_z1.tif:md5,cd34db6c84478f5f9e2af6c3425c47fb",
                        "mosaic_Cellbound1_z2.tif:md5,f95c08466d6d60d2d6485ca586245852",
                        "mosaic_Cellbound1_z3.tif:md5,bc1c53b9d013855a045a77d72a9aec44",
                        "mosaic_Cellbound1_z4.tif:md5,6673be4ed9bd140ea8fe887edb10f9f3",
                        "mosaic_Cellbound1_z5.tif:md5,16b96d80a055b4c9a6a23dfae7320690",
                        "mosaic_Cellbound1_z6.tif:md5,20686fcfd9d8d48be3d0b9b71e8245a4",
                        "mosaic_Cellbound2_z0.tif:md5,4197e03505750980d19088fce13c7c22",
                        "mosaic_Cellbound2_z1.tif:md5,fa99267ff30360e97810dc85c5bf4d50",
                        "mosaic_Cellbound2_z2.tif:md5,a8ee0d76ed1e05872da62fa4bbe89966",
                        "mosaic_Cellbound2_z3.tif:md5,cef8bb9125dc9ef0994dc7413a27a9ff",
                        "mosaic_Cellbound2_z4.tif:md5,2a934fb2ff250522e6507c6aa996b292",
                        "mosaic_Cellbound2_z5.tif:md5,32891d52bdd1032bf353887c096ac2d3",
                        "mosaic_Cellbound2_z6.tif:md5,4ab293ba3b6db14242c9b20e62fb3ab8",
                        "mosaic_Cellbound3_z0.tif:md5,6441bd621aba682e1c18a14b92fd341c",
                        "mosaic_Cellbound3_z1.tif:md5,e58368fafc4f563caab52f2a5fa33721",
                        "mosaic_Cellbound3_z2.tif:md5,522cb9d2392de26554c9e7f6f360b9fe",
                        "mosaic_Cellbound3_z3.tif:md5,bdc4d55ec15bedf9b023b6347f422fda",
                        "mosaic_Cellbound3_z4.tif:md5,aaabdbf195aa7d3e5c0a63ebdccc7421",
                        "mosaic_Cellbound3_z5.tif:md5,48b20311ae638c928efd22090ffcde4e",
                        "mosaic_Cellbound3_z6.tif:md5,39a3e6c94017354483ac2b6466d2c96c",
                        "mosaic_DAPI_z0.tif:md5,d5e0f38b42494e79e5cf05c8569bca7b",
                        "mosaic_DAPI_z1.tif:md5,ad694ada6d84d50119cf55a3e3962342",
                        "mosaic_DAPI_z2.tif:md5,36ebda62507199f11fc8dce3771db75c",
                        "mosaic_DAPI_z3.tif:md5,513c4e40dcf648003ac2d826a476675c",
                        "mosaic_DAPI_z4.tif:md5,7d4307210d034df451ae90cec8e2b8b0",
                        "mosaic_DAPI_z5.tif:md5,66ac6ad492eff10a737060accc9a18e0",
                        "mosaic_DAPI_z6.tif:md5,b1ab1bcb402f603dc2c70913e9c8087f",
                        "mosaic_PolyT_z0.tif:md5,63835d0a3e65f333dc3eb9f6cd64b6a9",
                        "mosaic_PolyT_z1.tif:md5,03a7bef5e6d29afbacec386fe29753f1",
                        "mosaic_PolyT_z2.tif:md5,a733b510c125c826bafeb2981d56f170",
                        "mosaic_PolyT_z3.tif:md5,a67a96669e9ba6d02c2a40f9e5867e4e",
                        "mosaic_PolyT_z4.tif:md5,06218e222bb89ceb3ae1fa9dd65a5eb1",
                        "mosaic_PolyT_z5.tif:md5,c54c0d80fe8813b286cd24d277af1314",
                        "mosaic_PolyT_z6.tif:md5,ba22d5654b239d8ccd1ba1ce3960799c"
                    ]
                ],
                "2": [
                    "cellpose_default_1_ZLevel.json:md5,2edc0ac26137ac565fff28033c5362b5"
                ],
                "3": [
                    "versions.yml:md5,da001a9b9e4e5a439bea2fe6ed119ec8"
                ],
                "algporithm_json": [
                    "cellpose_default_1_ZLevel.json:md5,2edc0ac26137ac565fff28033c5362b5"
                ],
                "imput_images": [
                    [
                        "manifest.json:md5,a70a47319151f7dda86d8bf09653ee73",
                        "micron_to_mosaic_pixel_transform.csv:md5,5f25f33f46e9eecad86ab86a1924fef5",
                        "mosaic_Cellbound1_z0.tif:md5,fcb40575288c697e6bfbc006baad1f6f",
                        "mosaic_Cellbound1_z1.tif:md5,cd34db6c84478f5f9e2af6c3425c47fb",
                        "mosaic_Cellbound1_z2.tif:md5,f95c08466d6d60d2d6485ca586245852",
                        "mosaic_Cellbound1_z3.tif:md5,bc1c53b9d013855a045a77d72a9aec44",
                        "mosaic_Cellbound1_z4.tif:md5,6673be4ed9bd140ea8fe887edb10f9f3",
                        "mosaic_Cellbound1_z5.tif:md5,16b96d80a055b4c9a6a23dfae7320690",
                        "mosaic_Cellbound1_z6.tif:md5,20686fcfd9d8d48be3d0b9b71e8245a4",
                        "mosaic_Cellbound2_z0.tif:md5,4197e03505750980d19088fce13c7c22",
                        "mosaic_Cellbound2_z1.tif:md5,fa99267ff30360e97810dc85c5bf4d50",
                        "mosaic_Cellbound2_z2.tif:md5,a8ee0d76ed1e05872da62fa4bbe89966",
                        "mosaic_Cellbound2_z3.tif:md5,cef8bb9125dc9ef0994dc7413a27a9ff",
                        "mosaic_Cellbound2_z4.tif:md5,2a934fb2ff250522e6507c6aa996b292",
                        "mosaic_Cellbound2_z5.tif:md5,32891d52bdd1032bf353887c096ac2d3",
                        "mosaic_Cellbound2_z6.tif:md5,4ab293ba3b6db14242c9b20e62fb3ab8",
                        "mosaic_Cellbound3_z0.tif:md5,6441bd621aba682e1c18a14b92fd341c",
                        "mosaic_Cellbound3_z1.tif:md5,e58368fafc4f563caab52f2a5fa33721",
                        "mosaic_Cellbound3_z2.tif:md5,522cb9d2392de26554c9e7f6f360b9fe",
                        "mosaic_Cellbound3_z3.tif:md5,bdc4d55ec15bedf9b023b6347f422fda",
                        "mosaic_Cellbound3_z4.tif:md5,aaabdbf195aa7d3e5c0a63ebdccc7421",
                        "mosaic_Cellbound3_z5.tif:md5,48b20311ae638c928efd22090ffcde4e",
                        "mosaic_Cellbound3_z6.tif:md5,39a3e6c94017354483ac2b6466d2c96c",
                        "mosaic_DAPI_z0.tif:md5,d5e0f38b42494e79e5cf05c8569bca7b",
                        "mosaic_DAPI_z1.tif:md5,ad694ada6d84d50119cf55a3e3962342",
                        "mosaic_DAPI_z2.tif:md5,36ebda62507199f11fc8dce3771db75c",
                        "mosaic_DAPI_z3.tif:md5,513c4e40dcf648003ac2d826a476675c",
                        "mosaic_DAPI_z4.tif:md5,7d4307210d034df451ae90cec8e2b8b0",
                        "mosaic_DAPI_z5.tif:md5,66ac6ad492eff10a737060accc9a18e0",
                        "mosaic_DAPI_z6.tif:md5,b1ab1bcb402f603dc2c70913e9c8087f",
                        "mosaic_PolyT_z0.tif:md5,63835d0a3e65f333dc3eb9f6cd64b6a9",
                        "mosaic_PolyT_z1.tif:md5,03a7bef5e6d29afbacec386fe29753f1",
                        "mosaic_PolyT_z2.tif:md5,a733b510c125c826bafeb2981d56f170",
                        "mosaic_PolyT_z3.tif:md5,a67a96669e9ba6d02c2a40f9e5867e4e",
                        "mosaic_PolyT_z4.tif:md5,06218e222bb89ceb3ae1fa9dd65a5eb1",
                        "mosaic_PolyT_z5.tif:md5,c54c0d80fe8813b286cd24d277af1314",
                        "mosaic_PolyT_z6.tif:md5,ba22d5654b239d8ccd1ba1ce3960799c"
                    ]
                ],
                "specification_json": [
                    [
                        {
                            "id": "small_set"
                        },
                        "segmentation_specification.json:md5,1174f918af08958776582fedb42e3505"
                    ]
                ],
                "versions": [
                    "versions.yml:md5,da001a9b9e4e5a439bea2fe6ed119ec8"
                ]
            }
        ],
        "meta": {
            "nf-test": "0.9.0",
            "nextflow": "24.04.1"
        },
        "timestamp": "2024-08-02T16:49:40.766311796"
    }
}