{
    "Should run without failures": {
        "content": [
            {
                "0": [
                    [
                        {
                            "id": "small_set"
                        },
                        "cellpose2_mosaic_space.parquet:md5,6976ef94ae61cc909f5d86751885e47b"
                    ]
                ],
                "1": [
                    [
                        {
                            "id": "small_set"
                        },
                        "cellpose2_micron_space.parquet:md5,b2fd08c50d641efab7e0811e3cade36f"
                    ]
                ],
                "2": [
                    "versions.yml:md5,3a96416e77ec12ca664b4ef357572acc"
                ],
                "micron_space": [
                    [
                        {
                            "id": "small_set"
                        },
                        "cellpose2_micron_space.parquet:md5,b2fd08c50d641efab7e0811e3cade36f"
                    ]
                ],
                "mosaic_space": [
                    [
                        {
                            "id": "small_set"
                        },
                        "cellpose2_mosaic_space.parquet:md5,6976ef94ae61cc909f5d86751885e47b"
                    ]
                ],
                "versions": [
                    "versions.yml:md5,3a96416e77ec12ca664b4ef357572acc"
                ]
            }
        ],
        "meta": {
            "nf-test": "0.9.0",
            "nextflow": "24.04.1"
        },
        "timestamp": "2024-08-09T13:06:15.001243575"
    }
}