{
    "Should run without failures": {
        "content": [
            {
                "0": [
                    [
                        {
                            "id": "small_set"
                        },
                        "cell_metadata_resegmented.csv:md5,d09b988486aca2950e3aeb151e3a8765"
                    ]
                ],
                "1": [
                    "versions.yml:md5,239295f21e6d2a3c78b5784e7f573d05"
                ],
                "entity_metadata": [
                    [
                        {
                            "id": "small_set"
                        },
                        "cell_metadata_resegmented.csv:md5,d09b988486aca2950e3aeb151e3a8765"
                    ]
                ],
                "versions": [
                    "versions.yml:md5,239295f21e6d2a3c78b5784e7f573d05"
                ]
            }
        ],
        "meta": {
            "nf-test": "0.9.0",
            "nextflow": "24.04.1"
        },
        "timestamp": "2024-08-06T09:58:17.34148161"
    }
}