{
    "Should run without failures": {
        "content": [
            {
                "0": [
                    [
                        {
                            "id": "small_set"
                        },
                        "cellpose2_micron_space.parquet:md5,1b439fd5a35e3eaf5c4dccbd79fc245b"
                    ]
                ],
                "1": [
                    [
                        {
                            "id": "small_set"
                        },
                        "cell_metadata_resegmented.csv:md5,881eff96a85f85aea4fabe7791b440d2"
                    ]
                ],
                "2": [
                    [
                        {
                            "id": "small_set"
                        },
                        "cell_by_gene_repartitioned.csv:md5,ce4c64b608e0e0ad13a207f3c88f4c6a"
                    ]
                ],
                "3": [
                    [
                        {
                            "id": "small_set"
                        },
                        "202305010900_U2OS_small_set_VMSC00000_region_0_resegmented.vzg:md5,ae83eeed7c3d3f599e8cece30d67982a"
                    ]
                ],
                "4": [
                    
                ],
                "entity_by_gene": [
                    [
                        {
                            "id": "small_set"
                        },
                        "cell_by_gene_repartitioned.csv:md5,ce4c64b608e0e0ad13a207f3c88f4c6a"
                    ]
                ],
                "metadata": [
                    [
                        {
                            "id": "small_set"
                        },
                        "cell_metadata_resegmented.csv:md5,881eff96a85f85aea4fabe7791b440d2"
                    ]
                ],
                "segmentation": [
                    [
                        {
                            "id": "small_set"
                        },
                        "cellpose2_micron_space.parquet:md5,1b439fd5a35e3eaf5c4dccbd79fc245b"
                    ]
                ],
                "versions": [
                    
                ],
                "vzg": [
                    [
                        {
                            "id": "small_set"
                        },
                        "202305010900_U2OS_small_set_VMSC00000_region_0_resegmented.vzg:md5,ae83eeed7c3d3f599e8cece30d67982a"
                    ]
                ]
            }
        ],
        "meta": {
            "nf-test": "0.9.0",
            "nextflow": "24.04.1"
        },
        "timestamp": "2024-08-14T14:29:15.578293246"
    }
}