{
    "Should run without failures": {
        "content": [
            {
                "0": [
                    [
                        {
                            "id": "small_set"
                        },
                        "small_set_metrics.html:md5,78e647cb3479b2d83070a60c8be2eba0"
                    ]
                ],
                "1": [
                    "nf_core_pipeline_software_mqc_versions.yml:md5,29fec614a780248d1c561f034d0556d0"
                ],
                "report": [
                    [
                        {
                            "id": "small_set"
                        },
                        "small_set_metrics.html:md5,78e647cb3479b2d83070a60c8be2eba0"
                    ]
                ],
                "versions": [
                    "nf_core_pipeline_software_mqc_versions.yml:md5,29fec614a780248d1c561f034d0556d0"
                ]
            }
        ],
        "meta": {
            "nf-test": "0.9.0",
            "nextflow": "24.04.1"
        },
        "timestamp": "2024-08-26T16:28:20.231657315"
    }
}