{
    "Should run without failures": {
        "content": [
            {
                "0": [
                    [
                        {
                            "id": "small_set"
                        },
                        "202305010900_U2OS_small_set_VMSC00000_region_0_resegmented.vzg:md5,2bc513a74dd57d0d304e912310ca44aa"
                    ]
                ],
                "1": [
                    "versions.yml:md5,ecc22ceda10ffcf3b0ed6811af376e7d"
                ],
                "versions": [
                    "versions.yml:md5,ecc22ceda10ffcf3b0ed6811af376e7d"
                ],
                "vzg_file": [
                    [
                        {
                            "id": "small_set"
                        },
                        "202305010900_U2OS_small_set_VMSC00000_region_0_resegmented.vzg:md5,2bc513a74dd57d0d304e912310ca44aa"
                    ]
                ]
            }
        ],
        "meta": {
            "nf-test": "0.9.0",
            "nextflow": "24.04.1"
        },
        "timestamp": "2024-08-09T13:40:53.475653386"
    }
}