{
    "vizgen - boundary_dir": {
        "content": [
            {
                "0": [
                    [
                        {
                            "id": "test_sample"
                        },
                        "test_sample.parquet:md5,9396c92e0a0b584ac7c4e7c7693e50e8"
                    ]
                ],
                "1": [
                    "versions.yml:md5,4ae16511545413e77168c557a19306a8"
                ],
                "segmentation": [
                    [
                        {
                            "id": "test_sample"
                        },
                        "test_sample.parquet:md5,9396c92e0a0b584ac7c4e7c7693e50e8"
                    ]
                ],
                "versions": [
                    "versions.yml:md5,4ae16511545413e77168c557a19306a8"
                ]
            }
        ],
        "meta": {
            "nf-test": "0.9.2",
            "nextflow": "25.04.4"
        },
        "timestamp": "2025-07-08T16:36:56.684331006"
    },
    "vizgen - boundary_dir - stub": {
        "content": [
            {
                "0": [
                    [
                        {
                            "id": "test_sample"
                        },
                        "test_sample.parquet:md5,d41d8cd98f00b204e9800998ecf8427e"
                    ]
                ],
                "1": [
                    "versions.yml:md5,4ae16511545413e77168c557a19306a8"
                ],
                "segmentation": [
                    [
                        {
                            "id": "test_sample"
                        },
                        "test_sample.parquet:md5,d41d8cd98f00b204e9800998ecf8427e"
                    ]
                ],
                "versions": [
                    "versions.yml:md5,4ae16511545413e77168c557a19306a8"
                ]
            }
        ],
        "meta": {
            "nf-test": "0.9.2",
            "nextflow": "25.04.4"
        },
        "timestamp": "2025-07-08T16:34:34.093052973"
    }
}