{
    "Should run without failures": {
        "content": [
            {
                "0": [
                    [
                        {
                            "id": "small_set"
                        },
                        "cell_0.parquet:md5,a7803f7f513ecb81c9ccf110d2958d1b"
                    ]
                ],
                "1": [
                    "versions.yml:md5,b163ee9605979e1b9e8964bba3f7a88f"
                ],
                "segmented_tile": [
                    [
                        {
                            "id": "small_set"
                        },
                        "cell_0.parquet:md5,a7803f7f513ecb81c9ccf110d2958d1b"
                    ]
                ],
                "versions": [
                    "versions.yml:md5,b163ee9605979e1b9e8964bba3f7a88f"
                ]
            }
        ],
        "meta": {
            "nf-test": "0.9.0",
            "nextflow": "24.04.1"
        },
        "timestamp": "2024-08-03T12:02:54.459174138"
    }
}